
入门 / normal:
  ❌ 物理 10.0% avgFloor=13.4 timeout=0 (target: 15%-30%) FAIL
  ❌ 法术 5.0% avgFloor=13.7 timeout=0 (target: 15%-30%) FAIL
  ❌ 流血 10.3% avgFloor=12.9 timeout=0 (target: 15%-30%) FAIL
  ❌ 龟壳 5.0% avgFloor=12.8 timeout=0 (target: 15%-30%) FAIL
  ❌ 中毒 5.3% avgFloor=13.4 timeout=0 (target: 15%-30%) FAIL
  ❌ 控制 3.2% avgFloor=12.2 timeout=0 (target: 15%-30%) FAIL

常规 / regular:
  ❌ 物理 0.0% avgFloor=10.4 timeout=0 (target: 5%-10%) FAIL
  ❌ 法术 0.0% avgFloor=13.0 timeout=0 (target: 5%-10%) FAIL
  ❌ 流血 0.0% avgFloor=10.4 timeout=0 (target: 5%-10%) FAIL
  ❌ 龟壳 0.0% avgFloor=11.2 timeout=0 (target: 5%-10%) FAIL
  ❌ 中毒 0.0% avgFloor=10.8 timeout=0 (target: 5%-10%) FAIL
  ❌ 控制 0.0% avgFloor=11.7 timeout=0 (target: 5%-10%) FAIL

真武 / trueMartial:
  ✅ 物理 0.0% avgFloor=13.0 timeout=0 (target: 0%-2%) PASS
  ✅ 法术 0.0% avgFloor=13.8 timeout=0 (target: 0%-2%) PASS
  ✅ 流血 0.0% avgFloor=11.1 timeout=0 (target: 0%-2%) PASS
  ✅ 龟壳 0.0% avgFloor=12.5 timeout=0 (target: 0%-2%) PASS
  ✅ 中毒 0.0% avgFloor=9.2 timeout=0 (target: 0%-2%) PASS
  ✅ 控制 0.0% avgFloor=10.7 timeout=0 (target: 0%-2%) PASS

❌ Some targets failed — review above.

Wrote _ai_review/BALANCE_GATE_REPORT_40x2.md
Wrote _ai_review/BALANCE_GATE_RESULTS_40x2.json
