
入门 / normal:
  ❌ 物理 10.8% avgFloor=14.7 timeout=3 (target: 15%-30%) FAIL
  ✅ 法术 18.9% avgFloor=15.7 timeout=3 (target: 15%-30%) PASS
  ✅ 流血 18.4% avgFloor=15.0 timeout=2 (target: 15%-30%) PASS
  ❌ 龟壳 13.2% avgFloor=14.4 timeout=2 (target: 15%-30%) FAIL
  ❌ 中毒 13.2% avgFloor=14.7 timeout=2 (target: 15%-30%) FAIL
  ❌ 控制 34.4% avgFloor=14.6 timeout=8 (target: 15%-30%) FAIL

常规 / regular:
  ❌ 物理 2.6% avgFloor=12.8 timeout=1 (target: 5%-10%) FAIL
  ✅ 法术 5.3% avgFloor=14.7 timeout=2 (target: 5%-10%) PASS
  ❌ 流血 2.6% avgFloor=12.3 timeout=1 (target: 5%-10%) FAIL
  ✅ 龟壳 5.6% avgFloor=13.1 timeout=4 (target: 5%-10%) PASS
  ⚠️ 中毒 10.8% avgFloor=12.7 timeout=3 (target: 5%-10%) WARN
  ❌ 控制 21.2% avgFloor=13.9 timeout=7 (target: 5%-10%) FAIL

真武 / trueMartial:
  ✅ 物理 0.0% avgFloor=13.0 timeout=0 (target: 0%-2%) PASS
  ✅ 法术 0.0% avgFloor=13.8 timeout=2 (target: 0%-2%) PASS
  ✅ 流血 0.0% avgFloor=11.1 timeout=1 (target: 0%-2%) PASS
  ✅ 龟壳 0.0% avgFloor=12.5 timeout=1 (target: 0%-2%) PASS
  ✅ 中毒 0.0% avgFloor=9.2 timeout=1 (target: 0%-2%) PASS
  ✅ 控制 0.0% avgFloor=10.7 timeout=5 (target: 0%-2%) PASS

❌ Some targets failed — review above.

Wrote _ai_review/BALANCE_GATE_REPORT_40x2.md
Wrote _ai_review/BALANCE_GATE_RESULTS_40x2.json
