
入门 / normal:
  ❌ 物理 13.0% avgFloor=15.1 timeout=3 (target: 15%-30%) FAIL
  ⚠️ 法术 31.1% avgFloor=15.6 timeout=6 (target: 15%-30%) WARN
  ✅ 流血 16.7% avgFloor=15.1 timeout=2 (target: 15%-30%) PASS
  ❌ 龟壳 13.9% avgFloor=14.7 timeout=1 (target: 15%-30%) FAIL
  ❌ 中毒 13.9% avgFloor=15.4 timeout=1 (target: 15%-30%) FAIL
  ✅ 控制 18.0% avgFloor=14.6 timeout=19 (target: 15%-30%) PASS

常规 / regular:
  ❌ 物理 3.8% avgFloor=13.6 timeout=2 (target: 5%-10%) FAIL
  ✅ 法术 8.0% avgFloor=14.3 timeout=5 (target: 5%-10%) PASS
  ❌ 流血 1.3% avgFloor=13.4 timeout=0 (target: 5%-10%) FAIL
  ✅ 龟壳 5.2% avgFloor=12.9 timeout=3 (target: 5%-10%) PASS
  ✅ 中毒 7.6% avgFloor=14.0 timeout=1 (target: 5%-10%) PASS
  ✅ 控制 9.1% avgFloor=13.7 timeout=14 (target: 5%-10%) PASS

真武 / trueMartial:
  ✅ 物理 0.0% avgFloor=12.9 timeout=1 (target: 0%-2%) PASS
  ✅ 法术 0.0% avgFloor=14.2 timeout=1 (target: 0%-2%) PASS
  ✅ 流血 0.0% avgFloor=11.3 timeout=1 (target: 0%-2%) PASS
  ✅ 龟壳 0.0% avgFloor=11.9 timeout=2 (target: 0%-2%) PASS
  ✅ 中毒 0.0% avgFloor=9.6 timeout=0 (target: 0%-2%) PASS
  ✅ 控制 1.4% avgFloor=11.6 timeout=7 (target: 0%-2%) PASS

❌ Some targets failed — review above.

Wrote _ai_review/BALANCE_GATE_REPORT.md
Wrote _ai_review/BALANCE_GATE_RESULTS.json
