
入门 / normal:
  ❌ 物理 10.4% avgFloor=15.1 timeout=3 (target: 15%-30%) FAIL
  ✅ 法术 27.4% avgFloor=15.5 timeout=7 (target: 15%-30%) PASS
  ❌ 流血 14.1% avgFloor=14.9 timeout=2 (target: 15%-30%) FAIL
  ❌ 龟壳 8.9% avgFloor=14.0 timeout=1 (target: 15%-30%) FAIL
  ❌ 中毒 10.3% avgFloor=15.1 timeout=2 (target: 15%-30%) FAIL
  ✅ 控制 21.4% avgFloor=15.1 timeout=10 (target: 15%-30%) PASS

常规 / regular:
  ❌ 物理 1.3% avgFloor=13.5 timeout=1 (target: 5%-10%) FAIL
  ✅ 法术 8.2% avgFloor=14.8 timeout=7 (target: 5%-10%) PASS
  ❌ 流血 1.3% avgFloor=13.1 timeout=3 (target: 5%-10%) FAIL
  ❌ 龟壳 3.9% avgFloor=13.2 timeout=4 (target: 5%-10%) FAIL
  ❌ 中毒 2.6% avgFloor=13.3 timeout=3 (target: 5%-10%) FAIL
  ❌ 控制 3.0% avgFloor=13.2 timeout=13 (target: 5%-10%) FAIL

真武 / trueMartial:
  ✅ 物理 0.0% avgFloor=12.9 timeout=1 (target: 0%-2%) PASS
  ✅ 法术 0.0% avgFloor=14.2 timeout=1 (target: 0%-2%) PASS
  ✅ 流血 0.0% avgFloor=11.3 timeout=1 (target: 0%-2%) PASS
  ✅ 龟壳 0.0% avgFloor=11.9 timeout=2 (target: 0%-2%) PASS
  ✅ 中毒 0.0% avgFloor=9.6 timeout=0 (target: 0%-2%) PASS
  ✅ 控制 1.4% avgFloor=11.6 timeout=7 (target: 0%-2%) PASS

❌ Some targets failed — review above.

Wrote _ai_review/BALANCE_GATE_REPORT.md
Wrote _ai_review/BALANCE_GATE_RESULTS.json
