
入门 / normal:
  ❌ 物理 7.5% avgFloor=14.6 timeout=0 (target: 15%-30%) FAIL
  ❌ 法术 34.2% avgFloor=15.7 timeout=2 (target: 15%-30%) FAIL
  ✅ 流血 15.0% avgFloor=14.4 timeout=0 (target: 15%-30%) PASS
  ❌ 龟壳 7.7% avgFloor=14.3 timeout=1 (target: 15%-30%) FAIL
  ✅ 中毒 15.0% avgFloor=15.4 timeout=0 (target: 15%-30%) PASS
  ✅ 控制 22.9% avgFloor=14.9 timeout=5 (target: 15%-30%) PASS

常规 / regular:
  ✅ 物理 5.1% avgFloor=12.8 timeout=1 (target: 5%-10%) PASS
  ✅ 法术 7.7% avgFloor=14.9 timeout=1 (target: 5%-10%) PASS
  ❌ 流血 2.6% avgFloor=12.9 timeout=2 (target: 5%-10%) FAIL
  ❌ 龟壳 2.5% avgFloor=13.2 timeout=0 (target: 5%-10%) FAIL
  ❌ 中毒 0.0% avgFloor=13.4 timeout=1 (target: 5%-10%) FAIL
  ❌ 控制 0.0% avgFloor=13.3 timeout=11 (target: 5%-10%) FAIL

真武 / trueMartial:
  ✅ 物理 0.0% avgFloor=13.0 timeout=0 (target: 0%-2%) PASS
  ✅ 法术 0.0% avgFloor=13.8 timeout=2 (target: 0%-2%) PASS
  ✅ 流血 0.0% avgFloor=11.1 timeout=1 (target: 0%-2%) PASS
  ✅ 龟壳 0.0% avgFloor=12.5 timeout=1 (target: 0%-2%) PASS
  ✅ 中毒 0.0% avgFloor=9.2 timeout=1 (target: 0%-2%) PASS
  ✅ 控制 0.0% avgFloor=10.7 timeout=5 (target: 0%-2%) PASS

❌ Some targets failed — review above.

Wrote _ai_review/BALANCE_GATE_REPORT_40x2.md
Wrote _ai_review/BALANCE_GATE_RESULTS_40x2.json
